// Jest Snapshot v1, https://goo.gl/fbAQLP

exports[`Test Navigation Component should render the component 1`] = `ReactWrapper {}`;
