// Jest Snapshot v1, https://goo.gl/fbAQLP

exports[`Test Add Product Component should render the component 1`] = `ReactWrapper {}`;

exports[`Test Register Component should render the component 1`] = `ReactWrapper {}`;
